Attack 9B — Exact-shell + closing packet
9A did NOT kill ★. Kill lane LIVE. NS not solved.
  optimizing K(α=1, β=2), n_pos=3 ...
    K=5.784651e-01  PiB_L2=5.378034e-01  Ds0=0.0  limit_ok=True
  optimizing K(α=1, β=4), n_pos=3 ...
    K=0.000000e+00  PiB_L2=0.000000e+00  Ds0=None  limit_ok=None
  optimizing K(α=2, β=4), n_pos=6 ...
    K=2.963302e-01  PiB_L2=5.443622e-01  Ds0=0.0  limit_ok=True
  optimizing K(α=2, β=5), n_pos=6 ...
    K=0.000000e+00  PiB_L2=0.000000e+00  Ds0=None  limit_ok=None
  optimizing K(α=3, β=6), n_pos=4 ...
    K=0.000000e+00  PiB_L2=0.000000e+00  Ds0=None  limit_ok=None
  optimizing K(α=4, β=8), n_pos=3 ...
    K=6.410132e-01  PiB_L2=1.132266e+00  Ds0=0.0  limit_ok=True
  optimizing K(α=5, β=10), n_pos=12 ...
    K=2.978020e-01  PiB_L2=8.628470e-01  Ds0=2.842170943040401e-14  limit_ok=True
  optimizing K(α=5, β=2), n_pos=12 ...
    K=1.232018e-02  PiB_L2=3.924313e-01  Ds0=-2.842170943040401e-14  limit_ok=True
  optimizing K(α=6, β=12), n_pos=12 ...
    K=0.000000e+00  PiB_L2=0.000000e+00  Ds0=None  limit_ok=None
  optimizing K(α=8, β=4), n_pos=6 ...
    K=0.000000e+00  PiB_L2=0.000000e+00  Ds0=None  limit_ok=None
  optimizing K(α=9, β=18), n_pos=15 ...
    K=1.789419e-01  PiB_L2=8.973508e-01  Ds0=-5.684341886080801e-13  limit_ok=True
  optimizing K(α=10, β=5), n_pos=12 ...
    K=0.000000e+00  PiB_L2=0.000000e+00  Ds0=None  limit_ok=None
  optimizing K(α=13, β=26), n_pos=12 ...
    K=2.337365e-01  PiB_L2=1.232594e+00  Ds0=-4.547473508864641e-13  limit_ok=True
  optimizing K(α=4, β=5), n_pos=3 ...
    K=0.000000e+00  PiB_L2=0.000000e+00  Ds0=None  limit_ok=None
  optimizing K(α=5, β=6), n_pos=12 ...
    K=1.005433e-01  PiB_L2=6.472483e-01  Ds0=8.526512829121202e-14  limit_ok=True
  optimizing K(α=6, β=8), n_pos=12 ...
    K=5.269380e-02  PiB_L2=4.869518e-01  Ds0=5.684341886080802e-14  limit_ok=True
  optimizing K(α=8, β=9), n_pos=6 ...
    K=0.000000e+00  PiB_L2=0.000000e+00  Ds0=None  limit_ok=None
  optimizing K(α=9, β=10), n_pos=15 ...
    K=6.114836e-02  PiB_L2=7.037767e-01  Ds0=-5.684341886080801e-13  limit_ok=True
  optimizing K(α=2, β=8), n_pos=6 ...
    K=0.000000e+00  PiB_L2=0.000000e+00  Ds0=None  limit_ok=None
  optimizing K(α=3, β=12), n_pos=4 ...
    K=2.241841e-33  PiB_L2=4.100464e-17  Ds0=7.105427357601002e-15  limit_ok=True
  optimizing K(α=1, β=3), n_pos=3 ...
    K=0.000000e+00  PiB_L2=0.000000e+00  Ds0=None  limit_ok=None
  optimizing K(α=1, β=5), n_pos=3 ...
    K=0.000000e+00  PiB_L2=0.000000e+00  Ds0=None  limit_ok=None
  optimizing K(α=1, β=6), n_pos=3 ...
    K=0.000000e+00  PiB_L2=0.000000e+00  Ds0=None  limit_ok=None
  optimizing K(α=1, β=8), n_pos=3 ...
    K=0.000000e+00  PiB_L2=0.000000e+00  Ds0=None  limit_ok=None
{
  "max_K": {
    "K": 0.6410131735094131,
    "alpha": 4,
    "beta": 8,
    "n_modes_pos": 3,
    "PiB_L2": 1.132266023078864
  },
  "controls_all_pass": true,
  "eps_limit_all_pass": true,
  "n_pairs": 24
}
